// Jest Snapshot v1, https://goo.gl/fbAQLP

exports[`Button renders correctly 1`] = `
<div
  className="coop-button coop-button--primary "
  onClick={[Function]}
  style={Object {}}
/>
`;
