// Jest Snapshot v1, https://goo.gl/fbAQLP

exports[`Template renders correctly 1`] = `
<div>
  Hello Template
</div>
`;
