// Jest Snapshot v1, https://goo.gl/fbAQLP

exports[`StandardButton renders correctly 1`] = `
<div>
  My Button
</div>
`;
